interactions:
- request:
    body: null
    headers:
      Content-Type:
      - application/json
      trakt-api-key:
      - 57e188bcb9750c79ed452e1674925bc6848bd126e02bb15350211be74c6547af
      trakt-api-version:
      - '2'
    method: GET
    uri: https://api.trakt.tv/search?query=House&type=show
  response:
    body:
      string: "[{\"type\":\"show\",\"score\":62.144806,\"show\":{\"title\":\"House\",\"overview\":\"Dr.
        Gregory House is a maverick physician who is devoid of bedside manner. While
        his behavior can border on antisocial, Dr. House thrives on the challenge
        of solving the medical puzzles that other doctors give up on. Together with
        his hand-picked team of young medical experts, he'll do whatever it takes
        in the race against the clock to solve the case.\",\"year\":2004,\"status\":\"ended\",\"images\":{\"poster\":{\"full\":null,\"medium\":null,\"thumb\":null},\"fanart\":{\"full\":null,\"medium\":null,\"thumb\":null}},\"ids\":{\"trakt\":1399,\"slug\":\"house\",\"tvdb\":73255,\"imdb\":\"tt0412142\",\"tmdb\":1408,\"tvrage\":3908}}},{\"type\":\"show\",\"score\":50.22059,\"show\":{\"title\":\"House
        vs. House\",\"overview\":\"House vs. House is a new home makeover competition
        series where amateur and experienced renovation teams compete for the chance
        to win $10,000 by proving they can create the better DIY projects in their
        home. From painting and decorating, to one-of-a-kind, imaginative projects,
        each episode features two teams will go head-to-head in grueling challenges.
        Tanya McQueen, a DIY design expert, and David Brian Sanders, an architect
        and designer, will determine which team completes the most impressive transformation
        and award the cash prize.\",\"year\":1969,\"status\":\"\",\"images\":{\"poster\":{\"full\":null,\"medium\":null,\"thumb\":null},\"fanart\":{\"full\":null,\"medium\":null,\"thumb\":null}},\"ids\":{\"trakt\":93965,\"slug\":\"house-vs-house\",\"tvdb\":287378,\"imdb\":\"tt4097428\",\"tmdb\":null,\"tvrage\":null}}},{\"type\":\"show\",\"score\":44.38915,\"show\":{\"title\":\"Full
        House\",\"overview\":\"Full House is an American sitcom created by Jeff Franklin
        for ABC. The show chronicles a widowed father, who enlists his best friend
        and his brother-in-law to help raise his three daughters. It aired from September
        22, 1987, to May 23, 1995, broadcasting eight seasons and 192 episodes.\",\"year\":1987,\"status\":\"ended\",\"images\":{\"poster\":{\"full\":null,\"medium\":null,\"thumb\":null},\"fanart\":{\"full\":null,\"medium\":null,\"thumb\":null}},\"ids\":{\"trakt\":4289,\"slug\":\"full-house-1987\",\"tvdb\":70500,\"imdb\":\"tt0092359\",\"tmdb\":4313,\"tvrage\":3622}}},{\"type\":\"show\",\"score\":44.38915,\"show\":{\"title\":\"House
        Hunters\",\"overview\":\"House Hunters takes viewers behind the scenes as
        individuals, couples and families learn what to look for and decide whether
        or not a home is meant for them. Focusing on the emotional experience of finding
        and purchasing a new home, each episode follows a prospective buyer and real
        estate agent through the home-buying process, from start to finish.\",\"year\":1999,\"status\":\"returning
        series\",\"images\":{\"poster\":{\"full\":null,\"medium\":null,\"thumb\":null},\"fanart\":{\"full\":null,\"medium\":null,\"thumb\":null}},\"ids\":{\"trakt\":6441,\"slug\":\"house-hunters\",\"tvdb\":73182,\"imdb\":\"tt0369117\",\"tmdb\":6480,\"tvrage\":null}}},{\"type\":\"show\",\"score\":44.38915,\"show\":{\"title\":\"Fuller
        House\",\"overview\":\"Recently widowed D.J. Tanner-Fuller gets help from
        her sister Stephanie and best friend Kimmy when the women move in with their
        families to help D.J. raise her children in this spin-off series filled with
        familiar faces.\",\"year\":2016,\"status\":\"ended\",\"images\":{\"poster\":{\"full\":null,\"medium\":null,\"thumb\":null},\"fanart\":{\"full\":null,\"medium\":null,\"thumb\":null}},\"ids\":{\"trakt\":102424,\"slug\":\"fuller-house\",\"tvdb\":301236,\"imdb\":\"tt3986586\",\"tmdb\":63623,\"tvrage\":48701}}},{\"type\":\"show\",\"score\":44.38915,\"show\":{\"title\":\"Alpha
        House\",\"overview\":\"Alpha House follows four senators who live together
        in a rented house in Washington DC.Re-election battles, looming indictments,
        parties, their Party... these senators need a drink. And a new housemate.\",\"year\":2013,\"status\":\"ended\",\"images\":{\"poster\":{\"full\":null,\"medium\":null,\"thumb\":null},\"fanart\":{\"full\":null,\"medium\":null,\"thumb\":null}},\"ids\":{\"trakt\":60285,\"slug\":\"alpha-house\",\"tvdb\":269008,\"imdb\":\"tt3012160\",\"tmdb\":60719,\"tvrage\":34454}}},{\"type\":\"show\",\"score\":44.38915,\"show\":{\"title\":\"Playing
        House\",\"overview\":\"A single-camera buddy comedy about what happens when
        two best friends come back together, just when they need each other most.Inspired
        by the ultra-close friendship between the series' creators and stars, \\\"Playing
        House\\\" centers on mother to-be Maggie who asks her single and career-driven
        best friend Emma to return home from her job overseas to attend her baby shower,
        having no idea what\u2019s truly in store.\",\"year\":2014,\"status\":\"ended\",\"images\":{\"poster\":{\"full\":null,\"medium\":null,\"thumb\":null},\"fanart\":{\"full\":null,\"medium\":null,\"thumb\":null}},\"ids\":{\"trakt\":73385,\"slug\":\"playing-house\",\"tvdb\":269898,\"imdb\":\"tt2750182\",\"tmdb\":61762,\"tvrage\":35945}}},{\"type\":\"show\",\"score\":44.38915,\"show\":{\"title\":\"Summer
        House\",\"overview\":\"Summer House takes the beach town of Montauk, New York
        by storm, while following a group of nine friends who make the exclusive enclave
        their go-to party spot between Memorial Day and Labor Day \u2014 that is,
        when they're not hustling at their day jobs. You could say they work hard
        and party way harder.\",\"year\":2017,\"status\":\"returning series\",\"images\":{\"poster\":{\"full\":null,\"medium\":null,\"thumb\":null},\"fanart\":{\"full\":null,\"medium\":null,\"thumb\":null}},\"ids\":{\"trakt\":113867,\"slug\":\"summer-house\",\"tvdb\":321121,\"imdb\":\"tt6645582\",\"tmdb\":69720,\"tvrage\":null}}},{\"type\":\"show\",\"score\":44.38915,\"show\":{\"title\":\"House
        Husbands\",\"overview\":\"House Husbands centres around four families with
        one thing in common, the husbands stay home to raise the children.\",\"year\":2012,\"status\":\"ended\",\"images\":{\"poster\":{\"full\":null,\"medium\":null,\"thumb\":null},\"fanart\":{\"full\":null,\"medium\":null,\"thumb\":null}},\"ids\":{\"trakt\":43830,\"slug\":\"house-husbands\",\"tvdb\":262026,\"imdb\":\"tt2402807\",\"tmdb\":44072,\"tvrage\":null}}},{\"type\":\"show\",\"score\":44.38915,\"show\":{\"title\":\"Safe
        House\",\"overview\":\"A married couple, former detective Robert and teacher
        Katy, are asked by close friend and police officer Mark, to turn their remote
        Guest House into a Safe House.\",\"year\":2015,\"status\":\"ended\",\"images\":{\"poster\":{\"full\":null,\"medium\":null,\"thumb\":null},\"fanart\":{\"full\":null,\"medium\":null,\"thumb\":null}},\"ids\":{\"trakt\":97962,\"slug\":\"safe-house\",\"tvdb\":294195,\"imdb\":\"tt4567314\",\"tmdb\":62452,\"tvrage\":42379}}}]"
    headers:
      Age:
      - '1'
      CF-Cache-Status:
      - HIT
      CF-RAY:
      - 5fbe77752db3f0fa-IAD
      Cache-Control:
      - public, max-age=28800
      Connection:
      - keep-alive
      Content-Type:
      - application/json; charset=utf-8
      Date:
      - Thu, 03 Dec 2020 15:54:30 GMT
      ETag:
      - W/"761081302ddf5192d537f2a253f08d7f"
      Expect-CT:
      - max-age=604800, report-uri="https://report-uri.cloudflare.com/cdn-cgi/beacon/expect-ct"
      Expires:
      - Thu, 03 Dec 2020 23:54:28 GMT
      Referrer-Policy:
      - strict-origin-when-cross-origin
      Server:
      - cloudflare
      Set-Cookie:
      - __cfduid=da4f01eaa2684782498a80a951bea56331607010870; expires=Sat, 02-Jan-21
        15:54:30 GMT; path=/; domain=.trakt.tv; HttpOnly; SameSite=Lax
      Vary:
      - Accept-Encoding
      X-Content-Type-Options:
      - nosniff
      X-Download-Options:
      - noopen
      X-Frame-Options:
      - SAMEORIGIN
      X-Pagination-Item-Count:
      - '2739'
      X-Pagination-Limit:
      - '10'
      X-Pagination-Page:
      - '1'
      X-Pagination-Page-Count:
      - '274'
      X-Permitted-Cross-Domain-Policies:
      - none
      X-Ratelimit:
      - '{"name":"UNAUTHED_API_GET_LIMIT","period":300,"limit":1000,"remaining":999,"until":"2020-12-03T15:55:00Z"}'
      X-Request-Id:
      - c39b86d6-7169-45c6-a9d6-209d8040b7e3
      X-Runtime:
      - '0.026063'
      X-XSS-Protection:
      - 1; mode=block
      cf-request-id:
      - 06cae8fd380000f0fa2b8a8000000001
    status:
      code: 200
      message: OK
- request:
    body: null
    headers:
      Content-Type:
      - application/json
      trakt-api-key:
      - 57e188bcb9750c79ed452e1674925bc6848bd126e02bb15350211be74c6547af
      trakt-api-version:
      - '2'
    method: GET
    uri: https://api.trakt.tv/shows/1399?extended=full
  response:
    body:
      string: '{"title":"House","year":2004,"ids":{"trakt":1399,"slug":"house","tvdb":73255,"imdb":"tt0412142","tmdb":1408,"tvrage":3908},"overview":"Dr.
        Gregory House is a maverick physician who is devoid of bedside manner. While
        his behavior can border on antisocial, Dr. House thrives on the challenge
        of solving the medical puzzles that other doctors give up on. Together with
        his hand-picked team of young medical experts, he''ll do whatever it takes
        in the race against the clock to solve the case.","first_aired":"2004-11-17T02:00:00.000Z","airs":{"day":"Monday","time":"21:00","timezone":"America/New_York"},"runtime":45,"certification":"TV-14","network":"FOX","country":"us","trailer":"https://youtube.com/watch?v=MczMB8nU1sY","homepage":"http://www.fox.com/house/index.htm","status":"ended","rating":8.67275,"votes":27606,"comment_count":78,"updated_at":"2020-11-30T09:11:56.000Z","language":"en","available_translations":["ar","bg","bs","cs","da","de","el","en","es","fi","fr","he","hr","hu","it","ja","ko","lt","lv","nl","no","pl","pt","ro","ru","sk","sr","sv","tr","uk","zh"],"genres":["comedy","drama","mystery"],"aired_episodes":176}'
    headers:
      Age:
      - '19946'
      CF-Cache-Status:
      - HIT
      CF-RAY:
      - 5fbe77761b0173f5-IAD
      Cache-Control:
      - public, max-age=28800
      Connection:
      - keep-alive
      Content-Type:
      - application/json; charset=utf-8
      Date:
      - Thu, 03 Dec 2020 15:54:30 GMT
      ETag:
      - W/"99030abb54a74cd456ff843edc5cd06a"
      Expect-CT:
      - max-age=604800, report-uri="https://report-uri.cloudflare.com/cdn-cgi/beacon/expect-ct"
      Expires:
      - Thu, 03 Dec 2020 18:22:03 GMT
      Last-Modified:
      - Mon, 30 Nov 2020 09:11:56 GMT
      Referrer-Policy:
      - strict-origin-when-cross-origin
      Server:
      - cloudflare
      Set-Cookie:
      - __cfduid=dcc4d40589e4963127e093873bfd007af1607010870; expires=Sat, 02-Jan-21
        15:54:30 GMT; path=/; domain=.trakt.tv; HttpOnly; SameSite=Lax
      Vary:
      - Accept-Encoding
      X-Content-Type-Options:
      - nosniff
      X-Download-Options:
      - noopen
      X-Frame-Options:
      - SAMEORIGIN
      X-Permitted-Cross-Domain-Policies:
      - none
      X-Ratelimit:
      - '{"name":"UNAUTHED_API_GET_LIMIT","period":300,"limit":1000,"remaining":999,"until":"2020-12-02T01:35:00Z"}'
      X-Request-Id:
      - e71b2393-08f1-47f4-b3e5-252019967b44
      X-Runtime:
      - '0.012067'
      X-XSS-Protection:
      - 1; mode=block
      cf-request-id:
      - 06cae8fdd0000073f5b03cb000000001
    status:
      code: 200
      message: OK
- request:
    body: null
    headers:
      Content-Type:
      - application/json
      trakt-api-key:
      - 57e188bcb9750c79ed452e1674925bc6848bd126e02bb15350211be74c6547af
      trakt-api-version:
      - '2'
    method: GET
    uri: https://api.trakt.tv/shows/1399/seasons/1/episodes/2/?extended=full
  response:
    body:
      string: '{"season":1,"number":2,"title":"Paternity","ids":{"trakt":74344,"tvdb":110995,"imdb":"tt0606034","tmdb":63739,"tvrage":84700},"number_abs":3,"overview":"When
        a teenage lacrosse player is stricken with an unidentifiable brain disease,
        Dr. House and the team hustle to give his parents answers. Chase breaks the
        bad news, the kid has MS, but the boy''s night-terror hallucinations disprove
        the diagnosis and send House and his team back to square one. As the boy''s
        health deteriorates. House''s side-bet on the paternity of the patient infuriates
        Dr. Cuddy and the teenager''s parents, but may just pay off in spades.","rating":7.81555,"votes":1518,"comment_count":3,"first_aired":"2004-11-24T02:00:00.000Z","updated_at":"2020-12-03T14:07:24.000Z","available_translations":["ar","bg","bs","cs","da","de","el","en","es","fi","fr","he","hr","hu","it","ja","ko","lt","lv","nl","no","pl","pt","ro","ru","sk","sr","sv","tr","uk","zh"],"runtime":43}'
    headers:
      CF-Cache-Status:
      - MISS
      CF-RAY:
      - 5fbe77771d84e102-IAD
      Cache-Control:
      - public, max-age=28800
      Connection:
      - keep-alive
      Content-Type:
      - application/json; charset=utf-8
      Date:
      - Thu, 03 Dec 2020 15:54:30 GMT
      Expect-CT:
      - max-age=604800, report-uri="https://report-uri.cloudflare.com/cdn-cgi/beacon/expect-ct"
      Expires:
      - Thu, 03 Dec 2020 23:54:31 GMT
      Last-Modified:
      - Thu, 03 Dec 2020 14:07:24 GMT
      Referrer-Policy:
      - strict-origin-when-cross-origin
      Server:
      - cloudflare
      Set-Cookie:
      - __cfduid=d29548e6299a2c3beb5acde63382163721607010870; expires=Sat, 02-Jan-21
        15:54:30 GMT; path=/; domain=.trakt.tv; HttpOnly; SameSite=Lax
      Vary:
      - Accept-Encoding
      X-Content-Type-Options:
      - nosniff
      X-Download-Options:
      - noopen
      X-Frame-Options:
      - SAMEORIGIN
      X-Permitted-Cross-Domain-Policies:
      - none
      X-Ratelimit:
      - '{"name":"UNAUTHED_API_GET_LIMIT","period":300,"limit":1000,"remaining":998,"until":"2020-12-03T15:55:00Z"}'
      X-Request-Id:
      - a27f34f4-6868-4f7a-af78-b1b4e9946950
      X-Runtime:
      - '0.006159'
      X-XSS-Protection:
      - 1; mode=block
      cf-request-id:
      - 06cae8fe6c0000e102cc023000000001
    status:
      code: 200
      message: OK
- request:
    body: null
    headers:
      Content-Type:
      - application/json
      trakt-api-key:
      - 57e188bcb9750c79ed452e1674925bc6848bd126e02bb15350211be74c6547af
      trakt-api-version:
      - '2'
    method: GET
    uri: https://api.trakt.tv/search?query=Doctor+Who&type=show&year=2005
  response:
    body:
      string: "[{\"type\":\"show\",\"score\":62.200783,\"show\":{\"title\":\"Doctor
        Who\",\"overview\":\"The Doctor is an alien Time Lord from the planet Gallifrey
        who travels through all of time and space in the TARDIS. The Doctor has a
        long list of friends and companions who have shared journeys along the way.
        Instead of dying, the Doctor is able to \u201Cregenerate\u201D into a new
        body, taking on a new personality with each regeneration.\",\"year\":2005,\"status\":\"returning
        series\",\"images\":{\"poster\":{\"full\":null,\"medium\":null,\"thumb\":null},\"fanart\":{\"full\":null,\"medium\":null,\"thumb\":null}},\"ids\":{\"trakt\":56872,\"slug\":\"doctor-who-2005\",\"tvdb\":78804,\"imdb\":\"tt0436992\",\"tmdb\":57243,\"tvrage\":3332}}},{\"type\":\"show\",\"score\":49.760628,\"show\":{\"title\":\"Doctor
        Who Confidential\",\"overview\":\"Specially filmed for BBC Three as a companion
        piece to Doctor Who, Doctor Who Confidential aims to give a taste of the excitement
        and the energy that surrounds the show. The programme includes behind-the-scenes
        filming and interviews with the cast, writers and production team as they
        bring our favourite Time Lord back to our screens.An abbreviated 15-minute
        version, concentrating on the production of the new series and without reference
        to the original show, is also broadcast on BBC Three as Doctor Who Confidential
        Cutdown.\",\"year\":2005,\"status\":\"ended\",\"images\":{\"poster\":{\"full\":null,\"medium\":null,\"thumb\":null},\"fanart\":{\"full\":null,\"medium\":null,\"thumb\":null}},\"ids\":{\"trakt\":1051,\"slug\":\"doctor-who-confidential\",\"tvdb\":79298,\"imdb\":\"tt0453422\",\"tmdb\":1056,\"tvrage\":null}}},{\"type\":\"show\",\"score\":0.37955248,\"show\":{\"title\":\"Inconceivable\",\"overview\":\"Marco
        Pennette (\\\"All About the Andersons\\\") and Oliver Goldstick (\\\"Desperate
        Housewives\\\") are set to team on a new comedy pilot at the Peacock, about
        doctors, shrinks and lawyers who work in a fertility clinic. The project,
        which has a green light to produce a pilot, is set up at the Touchstone Television-based
        Tollin/Robbins Productions.\",\"year\":2005,\"status\":\"ended\",\"images\":{\"poster\":{\"full\":null,\"medium\":null,\"thumb\":null},\"fanart\":{\"full\":null,\"medium\":null,\"thumb\":null}},\"ids\":{\"trakt\":2748,\"slug\":\"inconceivable\",\"tvdb\":75645,\"imdb\":\"tt0460089\",\"tmdb\":2766,\"tvrage\":3954}}},{\"type\":\"show\",\"score\":0.3321084,\"show\":{\"title\":\"Dangerous
        Sister\",\"overview\":\"Ito Misaki stars as the number-one cabaret/hostess
        club girl. Hailing from the Miyazaki countryside, she has been told since
        her youth that all she has is a beautiful face. Her brilliant younger brother
        (played by Moriyama Mirai) who aims to become a doctor, is her only pride.
        For his sake, she is willing to put up with all sorts of hardships in a display
        of unconditional love.\",\"year\":2005,\"status\":\"ended\",\"images\":{\"poster\":{\"full\":null,\"medium\":null,\"thumb\":null},\"fanart\":{\"full\":null,\"medium\":null,\"thumb\":null}},\"ids\":{\"trakt\":9462,\"slug\":\"dangerous-sister\",\"tvdb\":99681,\"imdb\":null,\"tmdb\":9510,\"tvrage\":16128}}},{\"type\":\"show\",\"score\":0.28466433,\"show\":{\"title\":\"Malice
        Aforethought\",\"overview\":\"Dr Edmund Bickleigh is married to a particularly
        overbearing woman who reminds him at every turn that he is living in her house.
        But the good doctor has outside interests to help him cope: many of the town's
        female population seems to have had intimate relations with him. When a new
        arrival to town becomes involved romantically with Edmund, he decides maybe
        it was time his wife wasn't around much longer. He puts in place a plan to
        become free to remarry -- after all he has a cabinet full of lethal (and mostly
        legal) drugs on hand. But it's an old lover that proves his saviour, at least
        for a short time.\",\"year\":2005,\"status\":\"ended\",\"images\":{\"poster\":{\"full\":null,\"medium\":null,\"thumb\":null},\"fanart\":{\"full\":null,\"medium\":null,\"thumb\":null}},\"ids\":{\"trakt\":145284,\"slug\":\"malice-aforethought-145284\",\"tvdb\":360991,\"imdb\":\"\",\"tmdb\":null,\"tvrage\":null}}},{\"type\":\"show\",\"score\":0.28334266,\"show\":{\"title\":\"H2\",\"overview\":\"Kunimi
        Hiro was an ace pitcher in junior high school,until he was diagnosed by a
        doctor as having a \\\"glass elbow\\\". He gave up baseball and joined Senkawa
        Senior High School's soccer team. But then something happens that reignites
        his passion for baseball and he joins a baseball team managed by Koga Haruka.
        And he finds himself in a match against his old friend/rival Tachibana Hideo
        who has advanced to Meiwa No.1 High School. The meeting of the two is observed
        by Hideo's girlfriend Amamiya Hikari, who is also Hiro's childhood friend.
        Meanwhile, Haruka finds herself increasingly drawn towards Hiro, despite his
        being interested only in baseball. It's a story about high school students
        who dream of appearing at Koushien baseball tournament and young love.\",\"year\":2005,\"status\":\"ended\",\"images\":{\"poster\":{\"full\":null,\"medium\":null,\"thumb\":null},\"fanart\":{\"full\":null,\"medium\":null,\"thumb\":null}},\"ids\":{\"trakt\":61726,\"slug\":\"h2-2005\",\"tvdb\":84824,\"imdb\":\"tt0759951\",\"tmdb\":65194,\"tvrage\":null}}},{\"type\":\"show\",\"score\":0.28334266,\"show\":{\"title\":\"Kimi
        to Itahibi\",\"overview\":\"Kunimi Hiro was an ace pitcher in junior high
        school,until he was diagnosed by a doctor as having a \\\"glass elbow\\\".
        He gave up baseball and joined Senkawa Senior High School's soccer team. But
        then something happens that reignites his passion for baseball and he joins
        a baseball team managed by Koga Haruka. And he finds himself in a match against
        his old friend/rival Tachibana Hideo who has advanced to Meiwa No.1 High School.
        The meeting of the two is observed by Hideo's girlfriend Amamiya Hikari, who
        is also Hiro's childhood friend. Meanwhile, Haruka finds herself increasingly
        drawn towards Hiro, despite his being interested only in baseball. It's a
        story about high school students who dream of appearing at Koushien baseball
        tournament and young love.\",\"year\":2005,\"status\":\"ended\",\"images\":{\"poster\":{\"full\":null,\"medium\":null,\"thumb\":null},\"fanart\":{\"full\":null,\"medium\":null,\"thumb\":null}},\"ids\":{\"trakt\":79747,\"slug\":\"kimi-to-itahibi\",\"tvdb\":259209,\"imdb\":\"\",\"tmdb\":null,\"tvrage\":null}}},{\"type\":\"show\",\"score\":0.28334266,\"show\":{\"title\":\"H2
        The Day with You\",\"overview\":\"Kunimi Hiro was an ace pitcher in junior
        high school,until he was diagnosed by a doctor as having a \\\"glass elbow\\\".
        He gave up baseball and joined Senkawa Senior High School's soccer team. But
        then something happens that reignites his passion for baseball and he joins
        a baseball team managed by Koga Haruka. And he finds himself in a match against
        his old friend/rival Tachibana Hideo who has advanced to Meiwa No.1 High School.
        The meeting of the two is observed by Hideo's girlfriend Amamiya Hikari, who
        is also Hiro's childhood friend. Meanwhile, Haruka finds herself increasingly
        drawn towards Hiro, despite his being interested only in baseball. It's a
        story about high school students who dream of appearing at Koushien baseball
        tournament and young love\",\"year\":2005,\"status\":\"ended\",\"images\":{\"poster\":{\"full\":null,\"medium\":null,\"thumb\":null},\"fanart\":{\"full\":null,\"medium\":null,\"thumb\":null}},\"ids\":{\"trakt\":107698,\"slug\":\"h2-the-day-with-you\",\"tvdb\":259196,\"imdb\":\"tt0759951\",\"tmdb\":65194,\"tvrage\":null}}},{\"type\":\"show\",\"score\":0.2683841,\"show\":{\"title\":\"Hanoi
        Bride\",\"overview\":\"Park Eun Woo (Lee Dong Wook) worked as a doctor in
        a clinic in Hanoi where he fell in love with a Vietnamese girl Ly Thi Vu (Kim
        Ok Bin). Due to the sudden death of his father, he had to return to Korea
        in a hurry but the message wasn't related to Ly Thi Vu. His elder brother
        Park Sok Woo (Lee Won Jong) who worked as a farmer in the field was hard pressed
        by his mother to go to Vietnam to find a wife and he ended up bringing Ly
        Thi Vu to Korea with the intention to marry her. Song Il Lan (Yoo Hye Jung)
        was Park Sok Woo's childhood friend and she realized that she was in love
        with him and he had similar feeling for her too. When the misunderstanding
        between Park Sok Woo and Ly Thi Vu got clarified and all truth were out in
        the open, his mother who thought Ly Thi Vu was going to be her first son's
        wife and liked her didn't think she was good enough for her second son as
        he was a doctor. Ly Thi Vu was hurt and returned to Hanoi. Later the mother
        came to realize her folly and relented. Park Eun Woo didn't want to give up
        Ly Thi Vu and so he went back to work in Hanoi and search for her.\",\"year\":2005,\"status\":\"ended\",\"images\":{\"poster\":{\"full\":null,\"medium\":null,\"thumb\":null},\"fanart\":{\"full\":null,\"medium\":null,\"thumb\":null}},\"ids\":{\"trakt\":99658,\"slug\":\"hanoi-bride\",\"tvdb\":256432,\"imdb\":\"tt8814286\",\"tmdb\":91351,\"tvrage\":null}}},{\"type\":\"show\",\"score\":0.22667411,\"show\":{\"title\":\"My
        Rosy Life\",\"overview\":\"Maeng Sun-yi sacrificed her childhood and youth
        to taking care of her father, who started drinking heavily after her mother
        abandoned them when she was 10, and her two younger siblings. She even gave
        up her own education because she had to work hard to earn her siblings\u2019
        tuitions. She is married to a guy named Ban Sung-moon, her five years junior,
        and has two daughters with him. Her life continues to present her with endless
        hardships but she just believes that that is \u201Chappiness\u201D. One day
        her husband falls in love with an attractive divorced woman and demands a
        divorce from Sun-yi.Sun-yi\u2019s younger sister, Maeng Young-yi, is a successful
        career woman. She dates her first love Lee Jung-do, who is now married to
        another woman and who broke up with her for the sake of his career in the
        past.Finally, Sun-yi\u2019s younger brother, Chul-soo, earns his doctorate
        degree in the United States and settles down there, completely ignoring his
        responsibility of taking care of his father.Just to make things worse, Sun-yi
        is one day diagnosed with cancer, which to her is tantamount to a death sentence.
        After learning about her disease, her husband reflects on himself and shows
        her the genuine meaning of marital love.\",\"year\":2005,\"status\":\"ended\",\"images\":{\"poster\":{\"full\":null,\"medium\":null,\"thumb\":null},\"fanart\":{\"full\":null,\"medium\":null,\"thumb\":null}},\"ids\":{\"trakt\":104271,\"slug\":\"my-rosy-life\",\"tvdb\":294625,\"imdb\":\"tt1301845\",\"tmdb\":16715,\"tvrage\":14290}}}]"
    headers:
      CF-Cache-Status:
      - MISS
      CF-RAY:
      - 5fbe77782f1873c9-IAD
      Cache-Control:
      - public, max-age=28800
      Connection:
      - keep-alive
      Content-Type:
      - application/json; charset=utf-8
      Date:
      - Thu, 03 Dec 2020 15:54:31 GMT
      ETag:
      - W/"aef5f0b0c0c1605b524dc7d983cbc326"
      Expect-CT:
      - max-age=604800, report-uri="https://report-uri.cloudflare.com/cdn-cgi/beacon/expect-ct"
      Expires:
      - Thu, 03 Dec 2020 23:54:31 GMT
      Referrer-Policy:
      - strict-origin-when-cross-origin
      Server:
      - cloudflare
      Set-Cookie:
      - __cfduid=dbf1369c71567951e2cd8d5a1af6f299c1607010871; expires=Sat, 02-Jan-21
        15:54:31 GMT; path=/; domain=.trakt.tv; HttpOnly; SameSite=Lax
      Vary:
      - Accept-Encoding
      X-Content-Type-Options:
      - nosniff
      X-Download-Options:
      - noopen
      X-Frame-Options:
      - SAMEORIGIN
      X-Pagination-Item-Count:
      - '10'
      X-Pagination-Limit:
      - '10'
      X-Pagination-Page:
      - '1'
      X-Pagination-Page-Count:
      - '1'
      X-Permitted-Cross-Domain-Policies:
      - none
      X-Ratelimit:
      - '{"name":"UNAUTHED_API_GET_LIMIT","period":300,"limit":1000,"remaining":997,"until":"2020-12-03T15:55:00Z"}'
      X-Request-Id:
      - 7234e4b1-2646-4f27-bd9e-cfd308fff706
      X-Runtime:
      - '0.019196'
      X-XSS-Protection:
      - 1; mode=block
      cf-request-id:
      - 06cae8ff1c000073c95310b000000001
    status:
      code: 200
      message: OK
- request:
    body: null
    headers:
      Content-Type:
      - application/json
      trakt-api-key:
      - 57e188bcb9750c79ed452e1674925bc6848bd126e02bb15350211be74c6547af
      trakt-api-version:
      - '2'
    method: GET
    uri: https://api.trakt.tv/shows/56872?extended=full
  response:
    body:
      string: "{\"title\":\"Doctor Who\",\"year\":2005,\"ids\":{\"trakt\":56872,\"slug\":\"doctor-who-2005\",\"tvdb\":78804,\"imdb\":\"tt0436992\",\"tmdb\":57243,\"tvrage\":3332},\"overview\":\"The
        Doctor is an alien Time Lord from the planet Gallifrey who travels through
        all of time and space in the TARDIS. The Doctor has a long list of friends
        and companions who have shared journeys along the way. Instead of dying, the
        Doctor is able to \u201Cregenerate\u201D into a new body, taking on a new
        personality with each regeneration.\",\"first_aired\":\"2005-03-26T19:00:00.000Z\",\"airs\":{\"day\":\"Sunday\",\"time\":\"19:00\",\"timezone\":\"Europe/London\"},\"runtime\":45,\"certification\":\"TV-PG\",\"network\":\"BBC
        One\",\"country\":\"gb\",\"trailer\":\"https://youtube.com/watch?v=RYIu7Qlqh4M\",\"homepage\":\"http://www.bbc.co.uk/programmes/b006q2x0\",\"status\":\"returning
        series\",\"rating\":8.87611,\"votes\":19081,\"comment_count\":153,\"updated_at\":\"2020-12-01T08:41:43.000Z\",\"language\":\"en\",\"available_translations\":[\"ar\",\"bg\",\"bs\",\"ca\",\"cs\",\"da\",\"de\",\"el\",\"en\",\"es\",\"et\",\"fa\",\"fi\",\"fr\",\"he\",\"hr\",\"hu\",\"id\",\"it\",\"ja\",\"ka\",\"ko\",\"lt\",\"lv\",\"nl\",\"no\",\"pl\",\"pt\",\"ro\",\"ru\",\"sk\",\"sr\",\"sv\",\"th\",\"tr\",\"uk\",\"uz\",\"vi\",\"zh\"],\"genres\":[\"drama\",\"action\",\"adventure\",\"science-fiction\",\"fantasy\"],\"aired_episodes\":147}"
    headers:
      Age:
      - '11793'
      CF-Cache-Status:
      - HIT
      CF-RAY:
      - 5fbe77793ce0ea24-IAD
      Cache-Control:
      - public, max-age=28800
      Connection:
      - keep-alive
      Content-Type:
      - application/json; charset=utf-8
      Date:
      - Thu, 03 Dec 2020 15:54:31 GMT
      ETag:
      - W/"94dad9b124336acdc3d6edae97cb02d7"
      Expect-CT:
      - max-age=604800, report-uri="https://report-uri.cloudflare.com/cdn-cgi/beacon/expect-ct"
      Expires:
      - Thu, 03 Dec 2020 20:37:55 GMT
      Last-Modified:
      - Tue, 01 Dec 2020 08:41:43 GMT
      Referrer-Policy:
      - strict-origin-when-cross-origin
      Server:
      - cloudflare
      Set-Cookie:
      - __cfduid=da61cae1524d2a84af001415cb6749f7b1607010871; expires=Sat, 02-Jan-21
        15:54:31 GMT; path=/; domain=.trakt.tv; HttpOnly; SameSite=Lax
      Vary:
      - Accept-Encoding
      X-Content-Type-Options:
      - nosniff
      X-Download-Options:
      - noopen
      X-Frame-Options:
      - SAMEORIGIN
      X-Permitted-Cross-Domain-Policies:
      - none
      X-Ratelimit:
      - '{"name":"UNAUTHED_API_GET_LIMIT","period":300,"limit":1000,"remaining":999,"until":"2020-12-02T20:30:00Z"}'
      X-Request-Id:
      - 88381dbf-deaf-46b5-91a0-82d5ff380674
      X-Runtime:
      - '0.010214'
      X-XSS-Protection:
      - 1; mode=block
      cf-request-id:
      - 06cae8ffc60000ea2449abe000000001
    status:
      code: 200
      message: OK
- request:
    body: null
    headers:
      Content-Type:
      - application/json
      trakt-api-key:
      - 57e188bcb9750c79ed452e1674925bc6848bd126e02bb15350211be74c6547af
      trakt-api-version:
      - '2'
    method: GET
    uri: https://api.trakt.tv/shows/56872/seasons/2/episodes/3/?extended=full
  response:
    body:
      string: "{\"season\":2,\"number\":3,\"title\":\"School Reunion\",\"ids\":{\"trakt\":951447,\"tvdb\":302431,\"imdb\":\"tt0562993\",\"tmdb\":941480,\"tvrage\":null},\"number_abs\":17,\"overview\":\"Location:
        Deffry Vale High School, London, England, Earth \\r\\nDate: 2007 \\r\\nEnemies:
        The Krillitanes \\r\\n\\r\\nThere are strange goings-on at a comprehensive
        school - UFOs, over-intelligent children, and odd-tasting school dinners.
        This attracts the attention of the Tenth Doctor, Rose and Mickey Smith, as
        well as a couple of old friends\u2026\",\"rating\":7.89722,\"votes\":1294,\"comment_count\":2,\"first_aired\":\"2006-04-29T18:00:00.000Z\",\"updated_at\":\"2020-12-02T23:56:41.000Z\",\"available_translations\":[\"ar\",\"bg\",\"bs\",\"ca\",\"cs\",\"da\",\"de\",\"el\",\"en\",\"es\",\"et\",\"fa\",\"fi\",\"fr\",\"he\",\"hr\",\"hu\",\"id\",\"it\",\"ja\",\"ka\",\"ko\",\"lt\",\"lv\",\"nl\",\"no\",\"pl\",\"pt\",\"ro\",\"ru\",\"sk\",\"sr\",\"sv\",\"th\",\"tr\",\"uk\",\"uz\",\"vi\",\"zh\"],\"runtime\":44}"
    headers:
      CF-Cache-Status:
      - MISS
      CF-RAY:
      - 5fbe777a4d5fceec-IAD
      Cache-Control:
      - public, max-age=28800
      Connection:
      - keep-alive
      Content-Type:
      - application/json; charset=utf-8
      Date:
      - Thu, 03 Dec 2020 15:54:31 GMT
      Expect-CT:
      - max-age=604800, report-uri="https://report-uri.cloudflare.com/cdn-cgi/beacon/expect-ct"
      Expires:
      - Thu, 03 Dec 2020 23:54:30 GMT
      Last-Modified:
      - Wed, 02 Dec 2020 23:56:41 GMT
      Referrer-Policy:
      - strict-origin-when-cross-origin
      Server:
      - cloudflare
      Set-Cookie:
      - __cfduid=de4349c167bc14bb4d857793ac30396b31607010871; expires=Sat, 02-Jan-21
        15:54:31 GMT; path=/; domain=.trakt.tv; HttpOnly; SameSite=Lax
      Vary:
      - Accept-Encoding
      X-Content-Type-Options:
      - nosniff
      X-Download-Options:
      - noopen
      X-Frame-Options:
      - SAMEORIGIN
      X-Permitted-Cross-Domain-Policies:
      - none
      X-Ratelimit:
      - '{"name":"UNAUTHED_API_GET_LIMIT","period":300,"limit":1000,"remaining":996,"until":"2020-12-03T15:55:00Z"}'
      X-Request-Id:
      - 8f4fd06d-9ee2-4fe5-aee5-27d8159f591a
      X-Runtime:
      - '0.010563'
      X-XSS-Protection:
      - 1; mode=block
      cf-request-id:
      - 06cae900700000ceec869cb000000001
    status:
      code: 200
      message: OK
version: 1
